******************************************************************************
                  TI ARM Linker PC v20.2.5                     
******************************************************************************
>> Linked Fri Sep 23 02:39:12 2022

OUTPUT FILE NAME:   <LED_Control_Sprints.out>
ENTRY POINT SYMBOL: "_c_int00_noargs"  address: 0000378d


MEMORY CONFIGURATION

         name            origin    length      used     unused   attr    fill
----------------------  --------  ---------  --------  --------  ----  --------
  FLASH                 00000000   00040000  0000397a  0003c686  R  X
  SRAM                  20000000   00008000  00000658  000079a8  RW X


SEGMENT ALLOCATION MAP

run origin  load origin   length   init length attrs members
----------  ----------- ---------- ----------- ----- -------
00000000    00000000    0000397c   0000397c    r-x
  00000000    00000000    0000026c   0000026c    r-- .intvecs
  0000026c    0000026c    0000358a   0000358a    r-x .text
  000037f8    000037f8    00000184   00000184    r-- .cinit
20000000    20000000    00000658   00000000    rw-
  20000000    20000000    00000458   00000000    rw- .data
  20000458    20000458    00000200   00000000    rw- .stack


SECTION ALLOCATION MAP

 output                                  attributes/
section   page    origin      length       input sections
--------  ----  ----------  ----------   ----------------
.intvecs   0    00000000    0000026c     
                  00000000    0000026c     tm4c123gh6pm_startup_ccs.obj (.intvecs)

.text      0    0000026c    0000358a     
                  0000026c    00001de2     Port.obj (.text)
                  0000204e    00000002     rtsv7M4_T_le_v4SPD16_eabi.lib : div0.asm.obj (.text)
                  00002050    00000890     GPT.obj (.text)
                  000028e0    00000388     DIO.obj (.text)
                  00002c68    00000368     NVIC.obj (.text)
                  00002fd0    00000344     SysCtr.obj (.text)
                  00003314    00000128     LED.obj (.text)
                  0000343c    000000d8     Button.obj (.text)
                  00003514    0000009c     rtsv7M4_T_le_v4SPD16_eabi.lib : memcpy_t2.asm.obj (.text)
                  000035b0    00000098     scheduler.obj (.text)
                  00003648    00000096     rtsv7M4_T_le_v4SPD16_eabi.lib : ull_div_t2.asm.obj (.text)
                  000036de    00000068                                   : copy_decompress_lzss.c.obj (.text:decompress:lzss:__TI_decompress_lzss)
                  00003746    00000002     --HOLE-- [fill = 0]
                  00003748    00000044                                   : autoinit.c.obj (.text:__TI_auto_init_nobinit_nopinit:__TI_auto_init_nobinit_nopinit)
                  0000378c    00000034                                   : boot_cortex_m.c.obj (.text:_c_int00_noargs:_c_int00_noargs)
                  000037c0    00000014     app.obj (.text)
                  000037d4    0000000e     rtsv7M4_T_le_v4SPD16_eabi.lib : copy_decompress_none.c.obj (.text:decompress:none:__TI_decompress_none)
                  000037e2    0000000c     tm4c123gh6pm_startup_ccs.obj (.text)
                  000037ee    00000004     rtsv7M4_T_le_v4SPD16_eabi.lib : pre_init.c.obj (.text:_system_pre_init)
                  000037f2    00000004                                   : exit.c.obj (.text:abort:abort)

.cinit     0    000037f8    00000184     
                  000037f8    00000173     (.cinit..data.load) [load image, compression = lzss]
                  0000396b    00000001     --HOLE-- [fill = 0]
                  0000396c    00000008     (__TI_handler_table)
                  00003974    00000008     (__TI_cinit_table)

.init_array 
*          0    00000000    00000000     UNINITIALIZED

.data      0    20000000    00000458     UNINITIALIZED
                  20000000    00000183     Port_Lcfg.obj (.data:PORT_ConfigType)
                  20000183    00000003     LED.obj (.data)
                  20000186    00000002     Button.obj (.data)
                  20000188    00000180     GPT_Lcfg.obj (.data:GPT_LinkConfig)
                  20000308    00000120     GPT.obj (.data:Timer_Info_List)
                  20000428    00000028     scheduler.obj (.data:task_array)
                  20000450    00000008     scheduler.obj (.data)

.stack     0    20000458    00000200     UNINITIALIZED
                  20000458    00000004     rtsv7M4_T_le_v4SPD16_eabi.lib : boot_cortex_m.c.obj (.stack)
                  2000045c    000001fc     --HOLE--

__llvm_prf_cnts 
*          0    20000000    00000000     UNINITIALIZED

MODULE SUMMARY

       Module                         code    ro data   rw data
       ------                         ----    -------   -------
    .\
       tm4c123gh6pm_startup_ccs.obj   12      620       0      
    +--+------------------------------+-------+---------+---------+
       Total:                         12      620       0      
                                                               
    .\APP\
       app.obj                        20      0         0      
    +--+------------------------------+-------+---------+---------+
       Total:                         20      0         0      
                                                               
    .\HAL\
       LED.obj                        296     0         3      
       Button.obj                     216     0         2      
    +--+------------------------------+-------+---------+---------+
       Total:                         512     0         5      
                                                               
    .\MCAL\GPIO\dio\
       DIO.obj                        904     0         0      
    +--+------------------------------+-------+---------+---------+
       Total:                         904     0         0      
                                                               
    .\MCAL\GPIO\port\
       Port.obj                       7650    0         0      
       Port_Lcfg.obj                  0       0         387    
    +--+------------------------------+-------+---------+---------+
       Total:                         7650    0         387    
                                                               
    .\MCAL\GPT\
       GPT.obj                        2192    0         288    
       GPT_Lcfg.obj                   0       0         384    
    +--+------------------------------+-------+---------+---------+
       Total:                         2192    0         672    
                                                               
    .\MCAL\NVIC\
       NVIC.obj                       872     0         0      
    +--+------------------------------+-------+---------+---------+
       Total:                         872     0         0      
                                                               
    .\MCAL\clock\
       SysCtr.obj                     836     0         0      
    +--+------------------------------+-------+---------+---------+
       Total:                         836     0         0      
                                                               
    .\services\
       scheduler.obj                  152     0         48     
    +--+------------------------------+-------+---------+---------+
       Total:                         152     0         48     
                                                               
    D:\embeeeeeeeeeeeeded\ccs\tools\compiler\ti-cgt-arm_20.2.5.LTS\lib\rtsv7M4_T_le_v4SPD16_eabi.lib
       memcpy_t2.asm.obj              156     0         0      
       ull_div_t2.asm.obj             150     0         0      
       copy_decompress_lzss.c.obj     104     0         0      
       autoinit.c.obj                 68      0         0      
       boot_cortex_m.c.obj            52      0         0      
       copy_decompress_none.c.obj     14      0         0      
       exit.c.obj                     4       0         0      
       pre_init.c.obj                 4       0         0      
       div0.asm.obj                   2       0         0      
    +--+------------------------------+-------+---------+---------+
       Total:                         554     0         0      
                                                               
       Stack:                         0       0         512    
       Linker Generated:              0       387       0      
    +--+------------------------------+-------+---------+---------+
       Grand Total:                   13704   1007      1624   


LINKER GENERATED COPY TABLES

__TI_cinit_table @ 00003974 records: 1, size/record: 8, table size: 8
	.data: load addr=000037f8, load size=00000173 bytes, run addr=20000000, run size=00000458 bytes, compression=lzss


LINKER GENERATED HANDLER TABLE

__TI_handler_table @ 0000396c records: 2, size/record: 4, table size: 8
	index: 0, handler: __TI_decompress_lzss
	index: 1, handler: __TI_decompress_none


GLOBAL SYMBOLS: SORTED ALPHABETICALLY BY Name 

address   name                          
-------   ----                          
000034dd  Button_1_Read                 
20000186  Button_1_Status               
000034ed  Button_2_Read                 
20000187  Button_2_Status               
00003461  Button_Init                   
0000346f  Button_Read                   
000037f3  C$$EXIT                       
00003243  Clock_PLL_Setting             
00002aed  DIO_FlipChannel               
000028e1  DIO_ReadChannel               
00002b89  DIO_ReadPort                  
0000298b  DIO_WriteChannel              
00002be5  DIO_WritePort                 
00002fd1  Enable_Peripheral_Clock       
00001d09  GPIO_Init                     
000022cf  GPT_DisableNotification       
0000229b  GPT_EnableNotification        
00002615  GPT_GetPredefTimerValue       
00002309  GPT_GetTimeElapsed            
00002465  GPT_GetTimeRemaining          
00002051  GPT_Init                      
20000188  GPT_LinkConfig                
00002213  GPT_StartTimer                
00002275  GPT_StopTimer                 
000027d7  GPT_TimerA0_Handler           
000027e7  GPT_TimerA1_Handler           
000027f7  GPT_TimerA2_Handler           
00002807  GPT_TimerA3_Handler           
00002817  GPT_TimerA4_Handler           
00002827  GPT_TimerA5_Handler           
00002837  GPT_WTimerA0_Handler          
00002847  GPT_WTimerA1_Handler          
00002857  GPT_WTimerA2_Handler          
00002867  GPT_WTimerA3_Handler          
00002877  GPT_WTimerA4_Handler          
0000288d  GPT_WTimerA5_Handler          
00003363  LED_Blinkin_Task              
00003359  LED_Init                      
00002da3  NVIC_Disable_IRQ              
00002c69  NVIC_Enable_IRQ               
00002edd  NVIC_Priority_IRQ             
20000185  Off_Time                      
20000184  On_Time                       
00000f75  PIN_BothInterrupt             
00001465  PIN_ClearInterrupt            
00001635  PIN_Commit                    
00001119  PIN_EventInterrupt            
0000154d  PIN_Lock                      
00000c2d  PIN_MaskInterrupt             
000012b1  PIN_MaskedStatusInterrupt     
00001389  PIN_RawStatusInterrupt        
00000dd1  PIN_SenseInterrupt            
20000000  PORT_ConfigType               
000037e3  ResetISR                      
000035b1  System_Tick_Init              
000035c5  System_Tick_handler           
20000308  Timer_Info_List               
00003403  Toggle_OffUpdatingTime        
000033d9  Toggle_OnUpdatingTime         
20000658  __STACK_END                   
00000200  __STACK_SIZE                  
20000658  __STACK_TOP                   
00003974  __TI_CINIT_Base               
0000397c  __TI_CINIT_Limit              
0000396c  __TI_Handler_Table_Base       
00003974  __TI_Handler_Table_Limit      
00003749  __TI_auto_init_nobinit_nopinit
000036df  __TI_decompress_lzss          
000037d5  __TI_decompress_none          
ffffffff  __TI_pprof_out_hndl           
ffffffff  __TI_prof_data_size           
ffffffff  __TI_prof_data_start          
00000000  __TI_static_base__            
0000204f  __aeabi_idiv0                 
0000204f  __aeabi_ldiv0                 
00003515  __aeabi_memcpy                
00003515  __aeabi_memcpy4               
00003515  __aeabi_memcpy8               
00003649  __aeabi_uldivmod              
ffffffff  __binit__                     
ffffffff  __c_args__                    
UNDEFED   __mpu_init                    
20000458  __stack                       
20000000  __start___llvm_prf_cnts       
20000000  __stop___llvm_prf_cnts        
0000378d  _c_int00_noargs               
UNDEFED   _system_post_cinit            
000037ef  _system_pre_init              
000037f3  abort                         
ffffffff  binit                         
20000183  counts                        
000034fd  fButton_1_Status              
00003503  fButton_2_Status              
00000000  g_pfnVectors                  
000037c1  main                          
00003515  memcpy                        
000035db  start_os                      
20000454  sys_tick                      
20000450  sys_tick_flag                 
20000428  task_array                    


GLOBAL SYMBOLS: SORTED BY Symbol Address 

address   name                          
-------   ----                          
00000000  __TI_static_base__            
00000000  g_pfnVectors                  
00000200  __STACK_SIZE                  
00000c2d  PIN_MaskInterrupt             
00000dd1  PIN_SenseInterrupt            
00000f75  PIN_BothInterrupt             
00001119  PIN_EventInterrupt            
000012b1  PIN_MaskedStatusInterrupt     
00001389  PIN_RawStatusInterrupt        
00001465  PIN_ClearInterrupt            
0000154d  PIN_Lock                      
00001635  PIN_Commit                    
00001d09  GPIO_Init                     
0000204f  __aeabi_idiv0                 
0000204f  __aeabi_ldiv0                 
00002051  GPT_Init                      
00002213  GPT_StartTimer                
00002275  GPT_StopTimer                 
0000229b  GPT_EnableNotification        
000022cf  GPT_DisableNotification       
00002309  GPT_GetTimeElapsed            
00002465  GPT_GetTimeRemaining          
00002615  GPT_GetPredefTimerValue       
000027d7  GPT_TimerA0_Handler           
000027e7  GPT_TimerA1_Handler           
000027f7  GPT_TimerA2_Handler           
00002807  GPT_TimerA3_Handler           
00002817  GPT_TimerA4_Handler           
00002827  GPT_TimerA5_Handler           
00002837  GPT_WTimerA0_Handler          
00002847  GPT_WTimerA1_Handler          
00002857  GPT_WTimerA2_Handler          
00002867  GPT_WTimerA3_Handler          
00002877  GPT_WTimerA4_Handler          
0000288d  GPT_WTimerA5_Handler          
000028e1  DIO_ReadChannel               
0000298b  DIO_WriteChannel              
00002aed  DIO_FlipChannel               
00002b89  DIO_ReadPort                  
00002be5  DIO_WritePort                 
00002c69  NVIC_Enable_IRQ               
00002da3  NVIC_Disable_IRQ              
00002edd  NVIC_Priority_IRQ             
00002fd1  Enable_Peripheral_Clock       
00003243  Clock_PLL_Setting             
00003359  LED_Init                      
00003363  LED_Blinkin_Task              
000033d9  Toggle_OnUpdatingTime         
00003403  Toggle_OffUpdatingTime        
00003461  Button_Init                   
0000346f  Button_Read                   
000034dd  Button_1_Read                 
000034ed  Button_2_Read                 
000034fd  fButton_1_Status              
00003503  fButton_2_Status              
00003515  __aeabi_memcpy                
00003515  __aeabi_memcpy4               
00003515  __aeabi_memcpy8               
00003515  memcpy                        
000035b1  System_Tick_Init              
000035c5  System_Tick_handler           
000035db  start_os                      
00003649  __aeabi_uldivmod              
000036df  __TI_decompress_lzss          
00003749  __TI_auto_init_nobinit_nopinit
0000378d  _c_int00_noargs               
000037c1  main                          
000037d5  __TI_decompress_none          
000037e3  ResetISR                      
000037ef  _system_pre_init              
000037f3  C$$EXIT                       
000037f3  abort                         
0000396c  __TI_Handler_Table_Base       
00003974  __TI_CINIT_Base               
00003974  __TI_Handler_Table_Limit      
0000397c  __TI_CINIT_Limit              
20000000  PORT_ConfigType               
20000000  __start___llvm_prf_cnts       
20000000  __stop___llvm_prf_cnts        
20000183  counts                        
20000184  On_Time                       
20000185  Off_Time                      
20000186  Button_1_Status               
20000187  Button_2_Status               
20000188  GPT_LinkConfig                
20000308  Timer_Info_List               
20000428  task_array                    
20000450  sys_tick_flag                 
20000454  sys_tick                      
20000458  __stack                       
20000658  __STACK_END                   
20000658  __STACK_TOP                   
ffffffff  __TI_pprof_out_hndl           
ffffffff  __TI_prof_data_size           
ffffffff  __TI_prof_data_start          
ffffffff  __binit__                     
ffffffff  __c_args__                    
ffffffff  binit                         
UNDEFED   __mpu_init                    
UNDEFED   _system_post_cinit            

[100 symbols]
